<?xml version="1.0" encoding="utf-8"?><testsuites name="pytest tests"><testsuite name="pytest" errors="0" failures="1" skipped="1" tests="82" time="4.538" timestamp="2026-02-23T17:54:08.099881-05:00" hostname="m0r6aN"><testcase classname="tests.contracts.test_api_contracts.TestContractCompliance" name="test_create_campaign_request_schema" time="0.005" /><testcase classname="tests.contracts.test_api_contracts.TestContractCompliance" name="test_campaign_response_schema" time="0.003" /><testcase classname="tests.contracts.test_api_contracts.TestContractCompliance" name="test_campaign_status_response_schema" time="0.003" /><testcase classname="tests.contracts.test_api_contracts.TestContractCompliance" name="test_artifacts_response_schema" time="0.006" /><testcase classname="tests.contracts.test_api_contracts.TestContractCompliance" name="test_error_response_schema" time="0.003" /><testcase classname="tests.contracts.test_api_contracts.TestContractCompliance" name="test_status_enum_values" time="0.002" /><testcase classname="tests.contracts.test_api_contracts.TestContractCompliance" name="test_business_idea_constraints" time="0.004" /><testcase classname="tests.contracts.test_api_contracts.TestContractCompliance" name="test_target_audience_constraints" time="0.003" /><testcase classname="tests.contracts.test_api_contracts.TestContractCompliance" name="test_completion_percentage_bounds" time="0.003" /><testcase classname="tests.contracts.test_api_contracts.TestErrorTaxonomyContract" name="test_idempotency_conflict_contract" time="0.112" /><testcase classname="tests.contracts.test_api_contracts.TestErrorTaxonomyContract" name="test_tenant_mismatch_forbidden_contract" time="0.024" /><testcase classname="tests.contracts.test_api_contracts.TestErrorTaxonomyContract" name="test_validation_error_contract" time="0.016" /><testcase classname="tests.integration.test_campaign_flow.TestCampaignFlow" name="test_create_campaign_success" time="0.026" /><testcase classname="tests.integration.test_campaign_flow.TestCampaignFlow" name="test_create_campaign_validation_error" time="0.030" /><testcase classname="tests.integration.test_campaign_flow.TestCampaignFlow" name="test_create_campaign_federation_unavailable" time="0.036" /><testcase classname="tests.integration.test_campaign_flow.TestCampaignFlow" name="test_get_campaign_status" time="0.071" /><testcase classname="tests.integration.test_campaign_flow.TestCampaignFlow" name="test_get_nonexistent_campaign" time="0.024" /><testcase classname="tests.integration.test_campaign_flow.TestCampaignFlow" name="test_tenant_isolation_status_read" time="0.053" /><testcase classname="tests.integration.test_campaign_flow.TestCampaignFlow" name="test_get_artifacts_success" time="0.074" /><testcase classname="tests.integration.test_campaign_flow.TestCampaignFlow" name="test_get_artifacts_not_completed" time="0.076" /><testcase classname="tests.integration.test_campaign_flow.TestHealthEndpoints" name="test_health_check" time="0.028" /><testcase classname="tests.integration.test_campaign_flow.TestHealthEndpoints" name="test_ready_check_success" time="0.037" /><testcase classname="tests.integration.test_campaign_flow.TestHealthEndpoints" name="test_ready_check_federation_down" time="0.046" /><testcase classname="tests.integration.test_campaign_flow.TestCorrelationID" name="test_correlation_id_generated" time="0.045" /><testcase classname="tests.integration.test_campaign_flow.TestCorrelationID" name="test_correlation_id_preserved" time="0.027" /><testcase classname="tests.integration.test_campaign_flow.TestCorrelationID" name="test_trace_id_continuity" time="0.072" /><testcase classname="tests.integration.test_campaign_flow.TestCorrelationID" name="test_idempotency_conflict" time="0.082" /><testcase classname="tests.integration.test_campaign_flow.TestCorrelationID" name="test_tenant_header_forbidden" time="0.031" /><testcase classname="tests.integration.test_forgepilot_omega_flow.TestForgePilotTeaserRouting" name="test_create_campaign_sends_forgepilot_workflow_id" time="0.040" /><testcase classname="tests.integration.test_forgepilot_omega_flow.TestForgePilotTeaserRouting" name="test_create_campaign_with_brand_values" time="0.045" /><testcase classname="tests.integration.test_forgepilot_omega_flow.TestForgePilotTeaserRouting" name="test_correlation_id_flows_to_federation" time="0.095"><failure message="AssertionError: assert '5a9dc8c5-502...-b7d9a3314bf1' == '79d49bc8-456...-711f08611261'&#10;  &#10;  #x1B[0m#x1B[91m- 79d49bc8-4563-432a-a8cb-711f08611261#x1B[39;49;00m#x1B[90m#x1B[39;49;00m&#10;  #x1B[92m+ 5a9dc8c5-5025-4875-b251-b7d9a3314bf1#x1B[39;49;00m#x1B[90m#x1B[39;49;00m">forgepilot-api\tests\integration\test_forgepilot_omega_flow.py:144: in test_correlation_id_flows_to_federation
    assert response.headers.get("X-Correlation-ID") == correlation_id
E   AssertionError: assert '5a9dc8c5-502...-b7d9a3314bf1' == '79d49bc8-456...-711f08611261'
E     
E     #x1B[0m#x1B[91m- 79d49bc8-4563-432a-a8cb-711f08611261#x1B[39;49;00m#x1B[90m#x1B[39;49;00m
E     #x1B[92m+ 5a9dc8c5-5025-4875-b251-b7d9a3314bf1#x1B[39;49;00m#x1B[90m#x1B[39;49;00m</failure></testcase><testcase classname="tests.integration.test_forgepilot_omega_flow.TestForgePilotOutputParsing" name="test_completed_run_with_teaser_artifacts" time="0.096" /><testcase classname="tests.integration.test_forgepilot_omega_flow.TestForgePilotOutputParsing" name="test_in_progress_run_returns_409_on_artifact_fetch" time="0.168" /><testcase classname="tests.integration.test_forgepilot_omega_flow.TestForgePilotIsolationInvariants" name="test_tenant_a_campaign_invisible_to_tenant_b" time="0.076" /><testcase classname="tests.integration.test_forgepilot_omega_flow.TestForgePilotIsolationInvariants" name="test_idempotency_key_prevents_duplicate_run" time="0.077" /><testcase classname="tests.integration.test_forgepilot_omega_flow.TestForgePilotOmegaRoundTrip" name="test_create_and_poll_teaser_run_live" time="0.003"><skipped type="pytest.skip" message="Requires omega-core running — set OMEGA_FEDERATION_URL to enable">D:\Repos\keon-omega\forgepilot\forgepilot-api\tests\integration\test_forgepilot_omega_flow.py:306: Requires omega-core running — set OMEGA_FEDERATION_URL to enable</skipped></testcase><testcase classname="tests.test_architecture_boundaries" name="test_no_forbidden_namespace_imports" time="0.068" /><testcase classname="tests.test_architecture_boundaries" name="test_federation_client_is_only_httpx_user" time="0.024" /><testcase classname="tests.test_architecture_boundaries" name="test_app_module_count_not_regressed" time="0.004" /><testcase classname="tests.test_architecture_boundaries" name="test_app_dir_exists" time="0.002" /><testcase classname="tests.test_fc_routes_surface" name="test_no_websocket_routes" time="0.002" /><testcase classname="tests.test_fc_routes_surface" name="test_no_forbidden_path_fragments" time="0.005" /><testcase classname="tests.test_fc_routes_surface" name="test_all_approved_routes_present" time="0.002" /><testcase classname="tests.test_fc_routes_surface" name="test_no_unknown_routes_outside_approved_surface" time="0.002" /><testcase classname="tests.test_fc_routes_surface" name="test_health_route_has_no_auth" time="0.004" /><testcase classname="tests.test_fc_routes_surface.TestFcRouteDriftTripwire" name="test_approved_routes_hash_unchanged" time="0.004" /><testcase classname="tests.test_fc_routes_surface.TestFcRouteDriftTripwire" name="test_forbidden_fragments_hash_unchanged" time="0.003" /><testcase classname="tests.test_intake_stage_enforcement" name="test_blocked_disposition_422_prevents_campaign" time="0.035" /><testcase classname="tests.test_intake_stage_enforcement" name="test_hard_policy_block_403_prevents_campaign" time="0.028" /><testcase classname="tests.test_intake_stage_enforcement" name="test_legal_hold_451_prevents_campaign" time="0.031" /><testcase classname="tests.test_intake_stage_enforcement" name="test_rewrite_no_conversation_id_prevents_campaign" time="0.028" /><testcase classname="tests.test_intake_stage_enforcement" name="test_allow_disposition_creates_campaign" time="0.028" /><testcase classname="tests.test_intake_stage_enforcement" name="test_fc_unreachable_prevents_campaign" time="0.039" /><testcase classname="tests.test_intake_stage_enforcement" name="test_canonical_disposition_schema" time="0.002" /><testcase classname="tests.test_keon_fail_closed" name="test_keon_timeout_produces_deny" time="0.012" /><testcase classname="tests.test_keon_fail_closed" name="test_keon_unreachable_produces_deny" time="0.020" /><testcase classname="tests.test_keon_fail_closed" name="test_keon_healthy_produces_allow" time="0.011" /><testcase classname="tests.test_keon_fail_closed" name="test_deny_and_allow_are_distinct" time="0.002" /><testcase classname="tests.test_keon_fail_closed" name="test_fc_503_blocks_campaign_and_returns_502" time="0.030" /><testcase classname="tests.test_keon_fail_closed" name="test_fc_connect_error_blocks_campaign_and_returns_503" time="0.031" /><testcase classname="tests.unit.test_evidence_emitter" name="test_prefix_contains_env_layer_suite_scenario_runid" time="0.033" /><testcase classname="tests.unit.test_evidence_emitter" name="test_finalize_writes_manifest_and_artifacts_index" time="0.153" /><testcase classname="tests.unit.test_models.TestCreateCampaignRequest" name="test_valid_request" time="0.001" /><testcase classname="tests.unit.test_models.TestCreateCampaignRequest" name="test_with_brand_values" time="0.004" /><testcase classname="tests.unit.test_models.TestCreateCampaignRequest" name="test_business_idea_too_short" time="0.004" /><testcase classname="tests.unit.test_models.TestCreateCampaignRequest" name="test_business_idea_too_long" time="0.002" /><testcase classname="tests.unit.test_models.TestCreateCampaignRequest" name="test_target_audience_too_short" time="0.002" /><testcase classname="tests.unit.test_models.TestCreateCampaignRequest" name="test_missing_required_fields" time="0.003" /><testcase classname="tests.unit.test_models.TestCreateCampaignRequest" name="test_invalid_tenant_id_format" time="0.003" /><testcase classname="tests.unit.test_models.TestCampaignResponse" name="test_valid_response" time="0.002" /><testcase classname="tests.unit.test_models.TestCampaignStatusResponse" name="test_with_progress" time="0.002" /><testcase classname="tests.unit.test_models.TestCampaignStatusResponse" name="test_with_error" time="0.002" /><testcase classname="tests.unit.test_models.TestCampaignStatusResponse" name="test_completion_percentage_bounds" time="0.002" /><testcase classname="tests.unit.test_models.TestArtifactsResponse" name="test_complete_artifacts" time="0.005" /><testcase classname="tests.unit.test_models.TestErrorResponse" name="test_error_detail" time="0.003" /><testcase classname="tests.unit.test_models.TestErrorResponse" name="test_error_with_details" time="0.003" /><testcase classname="tests.unit.test_storage.TestInMemoryCampaignStore" name="test_save_and_get" time="0.036" /><testcase classname="tests.unit.test_storage.TestInMemoryCampaignStore" name="test_get_nonexistent" time="0.022" /><testcase classname="tests.unit.test_storage.TestInMemoryCampaignStore" name="test_list_by_tenant" time="0.026" /><testcase classname="tests.unit.test_storage.TestInMemoryCampaignStore" name="test_list_empty_tenant" time="0.011" /><testcase classname="tests.unit.test_storage.TestInMemoryCampaignStore" name="test_overwrite_campaign" time="0.011" /><testcase classname="tests.unit.test_storage.TestInMemoryCampaignStore" name="test_get_by_idempotency_key" time="0.013" /></testsuite></testsuites>